
> teen-hut-frontend@0.1.0 build
> next build

   Ôû▓ Next.js 16.0.7 (Turbopack)

   Creating an optimized production build ...
 Ô£ô Compiled successfully in 26.4s
   Running TypeScript ...
node.exe : Failed to compile.
At line:1 char:1
+ & "C:\Program Files\nodejs/node.exe" 
"C:\Program Files\nodejs/node_mo ...
+ ~~~~~~~~~~~~~~~~~~~~~~~~~~~~~~~~~~~~~~~~
~~~~~~~~~~~~~~~~~~~~~~~~~~~~~
    + CategoryInfo          : NotSpecifie 
   d: (Failed to compile.:String) [], Re  
  moteException
    + FullyQualifiedErrorId : NativeComma 
   ndError
 

./utils/encryption.ts:1:22
Type error: Could not find a declaration 
file for module 'crypto-js'. 'C:/Users/sk3
96/OneDrive/Desktop/Github/TeenHut/fronten
d/node_modules/crypto-js/index.js' 
implicitly has an 'any' type.
  Try `npm i --save-dev @types/crypto-js` 
if it exists or add a new declaration 
(.d.ts) file containing `declare module 
'crypto-js';`

[0m[31m[1m>[22m[39m[90m 1 |[39m 
[36mimport[39m [33mCryptoJS[39m 
[36mfrom[39m 
[32m"crypto-js"[39m[33m;[39m
 [90m   |[39m                      
[31m[1m^[22m[39m
 [90m 2 |[39m
 [90m 3 |[39m [90m// In a real app, 
this key would be exchanged securely 
(e.g., via Diffie-Hellman)[39m
 [90m 4 |[39m [90m// For this 
prototype, we'll use a hardcoded shared 
secret or derive it from the room 
ID[39m[0m
Next.js build worker exited with code: 1 
and signal: null
