components/chat/ChatWindow.tsx(75,19): error TS2345: Argument of type '{ id: any; text: string; mediaUrl: any; mediaType: any; sender: string; senderName: any; timestamp: Date; isEdited: any; replyTo: any; reactions: any; }[]' is not assignable to parameter of type 'SetStateAction<Message[]>'.
  Type '{ id: any; text: string; mediaUrl: any; mediaType: any; sender: string; senderName: any; timestamp: Date; isEdited: any; replyTo: any; reactions: any; }[]' is not assignable to type 'Message[]'.
    Type '{ id: any; text: string; mediaUrl: any; mediaType: any; sender: string; senderName: any; timestamp: Date; isEdited: any; replyTo: any; reactions: any; }' is not assignable to type 'Message'.
      Types of property 'sender' are incompatible.
        Type 'string' is not assignable to type '"me" | "other"'.
